============================= test session starts =============================
platform win32 -- Python 3.13.3, pytest-8.4.0, pluggy-1.6.0 -- C:\Python313\python.exe
cachedir: .pytest_cache
rootdir: c:\Users\lmwat\agent-modes-db
plugins: anyio-4.9.0, langsmith-0.4.14, asyncio-1.0.0, cov-6.2.1
asyncio: mode=Mode.STRICT, asyncio_default_fixture_loop_scope=None, asyncio_default_test_loop_scope=function
collecting ... collected 1 item

test_comprehensive_api.py::TestAgentCardsAPI::test_generate_agent_card_from_template FAILED [100%]

================================== FAILURES ===================================
__________ TestAgentCardsAPI.test_generate_agent_card_from_template ___________
test_comprehensive_api.py:526: in test_generate_agent_card_from_template
    template_id = template_result['id']
                  ^^^^^^^^^^^^^^^^^^^^^
E   KeyError: 'id'
=========================== short test summary info ===========================
FAILED test_comprehensive_api.py::TestAgentCardsAPI::test_generate_agent_card_from_template
============================== 1 failed in 0.41s ==============================
